{
   "lang": "en",
   "type": "Document",
   "~children": [ {
      "type": "Div",
      "~children": [ {
         "type": "NonStruct"
      }, {
         "type": "Strong",
         "~children": [ {
            "type": "NonStruct"
         } ]
      }, {
         "type": "NonStruct"
      }, {
         "type": "Strong",
         "~children": [ {
            "type": "NonStruct"
         } ]
      }, {
         "type": "NonStruct"
      } ]
   } ]
}
