{
   "lang": "en",
   "type": "Document",
   "~children": [ {
      "type": "Div",
      "~children": [ {
         "alt": "Sample SVG image",
         "type": "Figure"
      } ]
   } ]
}
