{
   "lang": "en",
   "type": "Document",
   "~children": [ {
      "type": "Art",
      "~children": [ {
         "type": "NonStruct"
      } ]
   } ]
}
