<?xml version="1.0" ?>
<manifest
    xmlns:android="http://schemas.android.com/apk/res/android"
    xmlns:dist="http://schemas.android.com/apk/distribution"
    featureSplit="dev_ui"
    package="org.chromium.chrome.stable"
    platformBuildVersionCode="36"
    platformBuildVersionName="16"
    android:versionCode="OFFSET=33"
    android:versionName="#.#.#.#">
  <dist:module dist:title="@string/dev_ui_module_title">  # DIFF-ANCHOR: e046d2bc
    <dist:delivery>  # DIFF-ANCHOR: 7a1c5a0b
      <dist:install-time>  # DIFF-ANCHOR: 909204d0
        <dist:conditions>  # DIFF-ANCHOR: 5824ed54
          <dist:device-feature dist:name="com.google.desktop.gms"/>
        </dist:conditions>  # DIFF-ANCHOR: 5824ed54
      </dist:install-time>  # DIFF-ANCHOR: 909204d0
      <dist:on-demand/>
    </dist:delivery>  # DIFF-ANCHOR: 7a1c5a0b
    <dist:fusing dist:include="true"/>
  </dist:module>  # DIFF-ANCHOR: e046d2bc
  <uses-sdk android:minSdkVersion="29" android:targetSdkVersion="36"/>
  <application/>
</manifest>