apk_path=lib/armeabi-v7a/libarcore_sdk_c.so, compress=False
apk_path=lib/armeabi-v7a/libcrashpad_handler_trampoline.so, compress=False
apk_path=lib/armeabi-v7a/libmonochrome.so, compress=False
apk_path=assets/icudtl.dat+com.android.webview+, compress=False
apk_path=assets/snapshot_blob_32.bin+com.android.webview+, compress=False