apk_path=lib/arm64-v8a/libarcore_sdk_c.so, compress=False
apk_path=lib/arm64-v8a/libcrashpad_handler_trampoline.so, compress=False
apk_path=lib/arm64-v8a/libmonochrome_64.so, compress=False
apk_path=assets/icudtl.dat+com.android.webview+, compress=False
apk_path=assets/snapshot_blob_64.bin+com.android.webview+, compress=False
apk_path=assets/v8_context_snapshot_64.bin+com.android.webview+, compress=False
