exit code: 0
stdout:
stderr:
output:
--------------------
License notice for The Chromium Project
--------------------
Chromium Root License file

--------------------
License notice for AlwaysIncluded
--------------------
Extra license file.

--------------------
License notice for narluga
--------------------
narluga v1 license file

--------------------
License notice for narluga
--------------------
narluga v2 license file

--------------------
License notice for Sample 3
--------------------
Sample 3 license

--------------------
License notice for Sample Library
--------------------
Sample license file.

--------------------
License notice for Sample Library 2a
--------------------
Apache license.

--------------------
License notice for Sample Library 2a
--------------------
MIT license.

--------------------
License notice for Sub Component
--------------------
MIT license.
