exit code: 0
stdout:
stderr:
output:
<!-- Generated by licenses.py; do not edit. --><!doctype html>
<html>
<head>
<meta charset="utf-8">
<meta name="viewport" content="width=device-width">
<meta name="color-scheme" content="light dark">
<title>Credits</title>
<link rel="stylesheet" href="chrome://resources/css/text_defaults.css">
<link rel="stylesheet" href="chrome://credits/credits.css">
</head>
<body>
<span class="page-title">Credits</span>
<a id="print-link" href="#" hidden>Print</a>
<label class="show show-all" tabindex="0">
<input type="checkbox" hidden>
</label>
<div class="open-sourced">
    Chromium software is made available as source code
    <a href="https://source.chromium.org/chromium">here</a>.
</div>

<div style="clear:both; overflow:auto;"><!-- Chromium <3s the following projects -->
<div class="product">
<span class="title">AlwaysIncluded</span>
<span class="homepage"><a href="https://extra.com">homepage</a></span>
<label class="show" tabindex="0">
<input type="checkbox" hidden>
</label>
<div class="license">
<pre>Extra license file.
</pre>
</div>
</div>

<div class="product">
<span class="title">narluga</span>
<span class="homepage"><a href="https://example.com">homepage</a></span>
<label class="show" tabindex="0">
<input type="checkbox" hidden>
</label>
<div class="license">
<pre>narluga v1 license file
</pre>
</div>
</div>

<div class="product">
<span class="title">narluga</span>
<span class="homepage"><a href="https://example.com">homepage</a></span>
<label class="show" tabindex="0">
<input type="checkbox" hidden>
</label>
<div class="license">
<pre>narluga v2 license file
</pre>
</div>
</div>

<div class="product">
<span class="title">Sample 3</span>
<span class="homepage"><a href="https://sample3">homepage</a></span>
<label class="show" tabindex="0">
<input type="checkbox" hidden>
</label>
<div class="license">
<pre>Sample 3 license
</pre>
</div>
</div>

<div class="product">
<span class="title">Sample Library</span>
<span class="homepage"><a href="https://example.com">homepage</a></span>
<label class="show" tabindex="0">
<input type="checkbox" hidden>
</label>
<div class="license">
<pre>Sample license file.
</pre>
</div>
</div>

<div class="product">
<span class="title">Sample Library 2a</span>
<span class="homepage"><a href="https://example.com">homepage</a></span>
<label class="show" tabindex="0">
<input type="checkbox" hidden>
</label>
<div class="license">
<pre>Apache license.


MIT license.
</pre>
</div>
</div>

<div class="product">
<span class="title">Sub Component</span>
<span class="homepage"><a href="https://example.com/sub">homepage</a></span>
<label class="show" tabindex="0">
<input type="checkbox" hidden>
</label>
<div class="license">
<pre>MIT license.
</pre>
</div>
</div>

<div class="product">
<span class="title">The Chromium Project</span>
<span class="homepage"><a href="https://www.chromium.org">homepage</a></span>
<label class="show" tabindex="0">
<input type="checkbox" hidden>
</label>
<div class="license">
<pre>Chromium Root License file
</pre>
</div>
</div>

</div>
depfile:
{REL_TMP}/out/test_output.txt: \
 {REL_TMP}/mock_root/LICENSE \
 {REL_TMP}/mock_root/extra_dir/LICENSE \
 {REL_TMP}/mock_root/extra_dir/README.chromium \
 {REL_TMP}/mock_root/subdir/third_party/narluga_v1/LICENSE \
 {REL_TMP}/mock_root/subdir/third_party/narluga_v1/README.chromium \
 {REL_TMP}/mock_root/subdir/third_party/narluga_v2/LICENSE \
 {REL_TMP}/mock_root/subdir/third_party/narluga_v2/README.chromium \
 {REL_TMP}/mock_root/test_dir_invalid_metadata/README.chromium \
 {REL_TMP}/mock_root/third_party/sample/LICENSE \
 {REL_TMP}/mock_root/third_party/sample/README.chromium \
 {REL_TMP}/mock_root/third_party/sample2/LICENSE.apache \
 {REL_TMP}/mock_root/third_party/sample2/LICENSE.mit \
 {REL_TMP}/mock_root/third_party/sample2/README.chromium \
 {REL_TMP}/mock_root/third_party/sample3/additional_readme_paths.json \
 {REL_TMP}/mock_root/third_party/sample3/sub_component/LICENSE \
 {REL_TMP}/mock_root/third_party/sample3/sub_component/README.chromium \
 {REL_TMP}/mock_root/third_party/sample3/the_license \
 build.ninja
