GroupedByName()
Showing 71 symbols (71 unique) with total pss: 134218029 bytes
Histogram of symbols based on PSS:
       {0}: 7     [16,32): 13     [256,512): 3      [8192,16384): 1      [524288,1048576): 2   [67108864,134217728): 1
     [2,4): 3     [32,64): 9     [512,1024): 1     [32768,65536): 1     [1048576,2097152): 3
     [4,8): 6    [64,128): 3    [2048,4096): 4    [65536,131072): 2     [2097152,4194304): 2
    [8,16): 5   [128,256): 1    [4096,8192): 2   [131072,262144): 1   [33554432,67108864): 1
Sizes: .text=34.3mb     .rodata=5.65mb     .data.rel.ro=1.02mb     .data=99.4kb     .bss=255 bytes  .other=86.2mb     total=128.0mb
Counts: .text=23 .rodata=12 .data.rel.ro=4 .data=6 .bss=6 .other=20
Number of unique paths: 10

Section Legend: t=.text, r=.rodata, R=.data.rel.ro, d=.data, b=.bss, o=.other
Index | Running Total | Section@Address | PSS | Path
------------------------------------------------------------
0)         16 (0.0%)  *@Group      16              _GLOBAL__sub_I_page_allocator.cc (count=1)
1)         72 (0.0%)  *@Group      56              _GLOBAL__sub_I_bbr_sender.cc (count=2)
2)        100 (0.0%)  *@Group      28              _GLOBAL__sub_I_pacing_sender.cc (count=1)
3)        170 (0.0%)  *@Group      70              extFromUUseMapping (count=2)
4)       9928 (0.0%)  *@Group      9758            ** symbol gaps (count=1)
5)      10376 (0.0%)  *@Group      448             ucnv_extMatchFromU (count=1)
6)      10404 (0.0%)  *@Group      28              _GLOBAL__sub_I_SkDeviceProfile.cpp (count=1)
7)      79528 (0.1%)  *@Group      69124           foo_bar (count=1)
8)      79552 (0.1%)  *@Group      24              BazAlias (count=1)
9)      79582 (0.1%)  *@Group      30              blink::ContiguousContainerBase::shrinkToFit (count=3)
10)     79585 (0.1%)  *@Group      3               BarAlias (count=1)
11)     79588 (0.1%)  *@Group      3               FooAlias (count=1)
12)     79616 (0.1%)  *@Group      28              blink::ContiguousContainerBase::ContiguousContainerBase (count=1)
13)     79710 (0.1%)  *@Group      94              blink::PaintChunker::releasePaintChunks (count=1)
14)     83744 (0.1%)  *@Group      4034            ** outlined function (count=1)
15)     83768 (0.1%)  *@Group      24              aliasedWithOutlinedFunction (count=1)
16)     83792 (0.1%)  *@Group      24              ** outlined function * 2 (count=1)
17)  35982248 (26.8%) *@Group      35898456        ** .text (unattributed) (count=1)
18)  35982253 (26.8%) *@Group      5               "Str1" (count=2)
19)  35982269 (26.8%) *@Group      16              "String literal2" (count=1)
20)  35982312 (26.8%) *@Group      43              ** merge strings (count=1)
21)  37947657 (28.3%) *@Group      1965345         ** merge constants (count=1)
22)  37947660 (28.3%) *@Group      3               ** symbol gap 0 (count=1)
23)  37947668 (28.3%) *@Group      8                (count=1)
24)  37947712 (28.3%) *@Group      44              Name (count=1)
25)  37947744 (28.3%) *@Group      32              chrome::mojom::FilePatcher::Name_ (count=1)
26)  38623784 (28.8%) *@Group      676040          kAnimationFrameTimeHistogramClassPath (count=1)
27)  38623788 (28.8%) *@Group      4               blink::CSSValueKeywordsHash::findValueImpl::value_word_list (count=1)
28)  41909884 (31.2%) *@Group      3286096         ** .rodata (unattributed) (count=1)
29)  41909940 (31.2%) *@Group      56              ChromeMainDelegate [vtable] (count=1)
30)  41909964 (31.2%) *@Group      24              chrome::mojom::FieldTrialRecorder [vtable] (count=1)
31)  42699868 (31.8%) *@Group      789904          chrome::mojom::FieldTrialRecorderProxy [vtable] (count=1)
32)  42699900 (31.8%) *@Group      32              .Lswitch.table.45 (count=1)
33)  42699908 (31.8%) *@Group      8               kSystemClassPrefixes (count=1)
34)  42699964 (31.8%) *@Group      56              ChromeMainDelegateAndroid [vtable] (count=1)
35)  42699988 (31.8%) *@Group      24              mojo::MessageReceiver [vtable] (count=1)
36)  42700000 (31.8%) *@Group      12              kMethodsAnimationFrameTimeHistogram (count=1)
37)  43765132 (32.6%) *@Group      1065132         ** .data.rel.ro (unattributed) (count=1)
38)  43765136 (32.6%) *@Group      4               google::protobuf::internal::pLinuxKernelCmpxchg (count=1)
39)  43765140 (32.6%) *@Group      4               google::protobuf::internal::pLinuxKernelMemoryBarrier (count=1)
40)  43765292 (32.6%) *@Group      152             base::android::kBaseRegisteredMethods (count=1)
41)  43765296 (32.6%) *@Group      4               base::android::g_renderer_histogram_code (count=1)
42)  43765300 (32.6%) *@Group      4               base::android::g_library_version_number (count=1)
43)  43866900 (32.7%) *@Group      101600          ** .data (unattributed) (count=1)
44)  43866900 (32.7%) *@Group      0               ** ELF Section: .part.end (count=1)
45)  43866900 (32.7%) *@Group      0               g_chrome_content_browser_client (count=1)
46)  43866900 (32.7%) *@Group      0               SaveHistogram::atomic_histogram_pointer (count=1)
47)  43866900 (32.7%) *@Group      0               g_AnimationFrameTimeHistogram_clazz (count=1)
48)  43866900 (32.7%) *@Group      0               ff_cos_131072 (count=1)
49)  43866900 (32.7%) *@Group      0               ff_cos_131072_fixed (count=1)
50)  43866900 (32.7%) *@Group      0               ff_cos_65536 (count=1)
51)  43866960 (32.7%) *@Group      60              ** ELF Section: .ARM.attributes (count=1)
52)  45403416 (33.8%) *@Group      1536456         ** ELF Section: .ARM.exidx (count=1)
53)  45587048 (34.0%) *@Group      183632          ** ELF Section: .ARM.extab (count=1)
54)  45587352 (34.0%) *@Group      304             ** ELF Section: .dynamic (count=1)
55)  45591377 (34.0%) *@Group      4025            ** ELF Section: .dynstr (count=1)
56)  45597873 (34.0%) *@Group      6496            ** ELF Section: .dynsym (count=1)
57)  45597881 (34.0%) *@Group      8               ** ELF Section: .fini_array (count=1)
58)  45598693 (34.0%) *@Group      812             ** ELF Section: .gnu.version (count=1)
59)  45598721 (34.0%) *@Group      28              ** ELF Section: .gnu.version_d (count=1)
60)  45598817 (34.0%) *@Group      96              ** ELF Section: .gnu.version_r (count=1)
61)  45641773 (34.0%) *@Group      42956           ** ELF Section: .got (count=1)
62)  45644457 (34.0%) *@Group      2684            ** ELF Section: .hash (count=1)
63)  45644465 (34.0%) *@Group      8               ** ELF Section: .init_array (count=1)
64)  45644484 (34.0%) *@Group      19              ** ELF Section: .interp (count=1)
65)  45644520 (34.0%) *@Group      36              ** ELF Section: .note.gnu.build-id (count=1)
66)  45648764 (34.0%) *@Group      4244            ** ELF Section: .plt (count=1)
67)  48304148 (36.0%) *@Group      2655384         ** ELF Section: .rel.dyn (count=1)
68)  48306964 (36.0%) *@Group      2816            ** ELF Section: .rel.plt (count=1)
69)  48307400 (36.0%) *@Group      436             ** ELF Section: .shstrtab (count=1)
70)  134218029 (100.0%) *@Group      85910629        Overhead: ELF file (count=1)
GroupedByName(depth=1)
Showing 63 symbols (63 unique) with total pss: 134218029 bytes
Histogram of symbols based on PSS:
       {0}: 7     [16,32): 10     [256,512): 3      [8192,16384): 1      [524288,1048576): 2   [67108864,134217728): 1
     [2,4): 3     [32,64): 8     [512,1024): 1     [32768,65536): 1     [1048576,2097152): 3
     [4,8): 1    [64,128): 2    [2048,4096): 4    [65536,131072): 2     [2097152,4194304): 2
    [8,16): 6   [128,256): 2    [4096,8192): 2   [131072,262144): 1   [33554432,67108864): 1
Sizes: .text=34.3mb     .rodata=5.65mb     .data.rel.ro=1.02mb     .data=99.4kb     .bss=255 bytes  .other=86.2mb     total=128.0mb
Counts: .text=23 .rodata=12 .data.rel.ro=4 .data=6 .bss=6 .other=20
Number of unique paths: 10

Section Legend: t=.text, r=.rodata, R=.data.rel.ro, d=.data, b=.bss, o=.other
Index | Running Total | Section@Address | PSS | Path
------------------------------------------------------------
0)         16 (0.0%)  *@Group      16              _GLOBAL__sub_I_page_allocator.cc (count=1)
1)         72 (0.0%)  *@Group      56              _GLOBAL__sub_I_bbr_sender.cc (count=2)
2)        100 (0.0%)  *@Group      28              _GLOBAL__sub_I_pacing_sender.cc (count=1)
3)        170 (0.0%)  *@Group      70              extFromUUseMapping (count=2)
4)       9928 (0.0%)  *@Group      9758            ** symbol gaps (count=1)
5)      10376 (0.0%)  *@Group      448             ucnv_extMatchFromU (count=1)
6)      10404 (0.0%)  *@Group      28              _GLOBAL__sub_I_SkDeviceProfile.cpp (count=1)
7)      79528 (0.1%)  *@Group      69124           foo_bar (count=1)
8)      79552 (0.1%)  *@Group      24              BazAlias (count=1)
9)      79708 (0.1%)  *@Group      156             blink (count=6)
10)     79711 (0.1%)  *@Group      3               BarAlias (count=1)
11)     79714 (0.1%)  *@Group      3               FooAlias (count=1)
12)     83748 (0.1%)  *@Group      4034            ** outlined function (count=1)
13)     83772 (0.1%)  *@Group      24              aliasedWithOutlinedFunction (count=1)
14)     83796 (0.1%)  *@Group      24              ** outlined function * 2 (count=1)
15)  35982252 (26.8%) *@Group      35898456        ** .text (unattributed) (count=1)
16)  35982257 (26.8%) *@Group      5               "Str1" (count=2)
17)  35982273 (26.8%) *@Group      16              "String literal2" (count=1)
18)  35982316 (26.8%) *@Group      43              ** merge strings (count=1)
19)  37947661 (28.3%) *@Group      1965345         ** merge constants (count=1)
20)  37947664 (28.3%) *@Group      3               ** symbol gap 0 (count=1)
21)  37947672 (28.3%) *@Group      8                (count=1)
22)  37947716 (28.3%) *@Group      44              Name (count=1)
23)  38737676 (28.9%) *@Group      789960          chrome (count=3)
24)  39413716 (29.4%) *@Group      676040          kAnimationFrameTimeHistogramClassPath (count=1)
25)  42699812 (31.8%) *@Group      3286096         ** .rodata (unattributed) (count=1)
26)  42699868 (31.8%) *@Group      56              ChromeMainDelegate [vtable] (count=1)
27)  42699900 (31.8%) *@Group      32              .Lswitch.table.45 (count=1)
28)  42699908 (31.8%) *@Group      8               kSystemClassPrefixes (count=1)
29)  42699964 (31.8%) *@Group      56              ChromeMainDelegateAndroid [vtable] (count=1)
30)  42699988 (31.8%) *@Group      24              mojo (count=1)
31)  42700000 (31.8%) *@Group      12              kMethodsAnimationFrameTimeHistogram (count=1)
32)  43765132 (32.6%) *@Group      1065132         ** .data.rel.ro (unattributed) (count=1)
33)  43765140 (32.6%) *@Group      8               google (count=2)
34)  43765300 (32.6%) *@Group      160             base (count=3)
35)  43866900 (32.7%) *@Group      101600          ** .data (unattributed) (count=1)
36)  43866900 (32.7%) *@Group      0               ** ELF Section: .part.end (count=1)
37)  43866900 (32.7%) *@Group      0               g_chrome_content_browser_client (count=1)
38)  43866900 (32.7%) *@Group      0               SaveHistogram (count=1)
39)  43866900 (32.7%) *@Group      0               g_AnimationFrameTimeHistogram_clazz (count=1)
40)  43866900 (32.7%) *@Group      0               ff_cos_131072 (count=1)
41)  43866900 (32.7%) *@Group      0               ff_cos_131072_fixed (count=1)
42)  43866900 (32.7%) *@Group      0               ff_cos_65536 (count=1)
43)  43866960 (32.7%) *@Group      60              ** ELF Section: .ARM.attributes (count=1)
44)  45403416 (33.8%) *@Group      1536456         ** ELF Section: .ARM.exidx (count=1)
45)  45587048 (34.0%) *@Group      183632          ** ELF Section: .ARM.extab (count=1)
46)  45587352 (34.0%) *@Group      304             ** ELF Section: .dynamic (count=1)
47)  45591377 (34.0%) *@Group      4025            ** ELF Section: .dynstr (count=1)
48)  45597873 (34.0%) *@Group      6496            ** ELF Section: .dynsym (count=1)
49)  45597881 (34.0%) *@Group      8               ** ELF Section: .fini_array (count=1)
50)  45598693 (34.0%) *@Group      812             ** ELF Section: .gnu.version (count=1)
51)  45598721 (34.0%) *@Group      28              ** ELF Section: .gnu.version_d (count=1)
52)  45598817 (34.0%) *@Group      96              ** ELF Section: .gnu.version_r (count=1)
53)  45641773 (34.0%) *@Group      42956           ** ELF Section: .got (count=1)
54)  45644457 (34.0%) *@Group      2684            ** ELF Section: .hash (count=1)
55)  45644465 (34.0%) *@Group      8               ** ELF Section: .init_array (count=1)
56)  45644484 (34.0%) *@Group      19              ** ELF Section: .interp (count=1)
57)  45644520 (34.0%) *@Group      36              ** ELF Section: .note.gnu.build-id (count=1)
58)  45648764 (34.0%) *@Group      4244            ** ELF Section: .plt (count=1)
59)  48304148 (36.0%) *@Group      2655384         ** ELF Section: .rel.dyn (count=1)
60)  48306964 (36.0%) *@Group      2816            ** ELF Section: .rel.plt (count=1)
61)  48307400 (36.0%) *@Group      436             ** ELF Section: .shstrtab (count=1)
62)  134218029 (100.0%) *@Group      85910629        Overhead: ELF file (count=1)
GroupedByName(depth=-1)
Showing 66 symbols (66 unique) with total pss: 134218029 bytes
Histogram of symbols based on PSS:
       {0}: 7     [16,32): 10     [256,512): 3      [8192,16384): 1      [524288,1048576): 2   [67108864,134217728): 1
     [2,4): 3     [32,64): 10    [512,1024): 1     [32768,65536): 1     [1048576,2097152): 3
     [4,8): 2    [64,128): 3    [2048,4096): 4    [65536,131072): 2     [2097152,4194304): 2
    [8,16): 6   [128,256): 1    [4096,8192): 2   [131072,262144): 1   [33554432,67108864): 1
Sizes: .text=34.3mb     .rodata=5.65mb     .data.rel.ro=1.02mb     .data=99.4kb     .bss=255 bytes  .other=86.2mb     total=128.0mb
Counts: .text=23 .rodata=12 .data.rel.ro=4 .data=6 .bss=6 .other=20
Number of unique paths: 10

Section Legend: t=.text, r=.rodata, R=.data.rel.ro, d=.data, b=.bss, o=.other
Index | Running Total | Section@Address | PSS | Path
------------------------------------------------------------
0)         16 (0.0%)  *@Group      16              _GLOBAL__sub_I_page_allocator.cc (count=1)
1)         72 (0.0%)  *@Group      56              _GLOBAL__sub_I_bbr_sender.cc (count=2)
2)        100 (0.0%)  *@Group      28              _GLOBAL__sub_I_pacing_sender.cc (count=1)
3)        170 (0.0%)  *@Group      70              extFromUUseMapping (count=2)
4)       9928 (0.0%)  *@Group      9758            ** symbol gaps (count=1)
5)      10376 (0.0%)  *@Group      448             ucnv_extMatchFromU (count=1)
6)      10404 (0.0%)  *@Group      28              _GLOBAL__sub_I_SkDeviceProfile.cpp (count=1)
7)      79528 (0.1%)  *@Group      69124           foo_bar (count=1)
8)      79552 (0.1%)  *@Group      24              BazAlias (count=1)
9)      79610 (0.1%)  *@Group      58              blink::ContiguousContainerBase (count=4)
10)     79613 (0.1%)  *@Group      3               BarAlias (count=1)
11)     79616 (0.1%)  *@Group      3               FooAlias (count=1)
12)     79710 (0.1%)  *@Group      94              blink::PaintChunker (count=1)
13)     83744 (0.1%)  *@Group      4034            ** outlined function (count=1)
14)     83768 (0.1%)  *@Group      24              aliasedWithOutlinedFunction (count=1)
15)     83792 (0.1%)  *@Group      24              ** outlined function * 2 (count=1)
16)  35982248 (26.8%) *@Group      35898456        ** .text (unattributed) (count=1)
17)  35982253 (26.8%) *@Group      5               "Str1" (count=2)
18)  35982269 (26.8%) *@Group      16              "String literal2" (count=1)
19)  35982312 (26.8%) *@Group      43              ** merge strings (count=1)
20)  37947657 (28.3%) *@Group      1965345         ** merge constants (count=1)
21)  37947660 (28.3%) *@Group      3               ** symbol gap 0 (count=1)
22)  37947668 (28.3%) *@Group      8                (count=1)
23)  37947712 (28.3%) *@Group      44              Name (count=1)
24)  37947744 (28.3%) *@Group      32              chrome::mojom::FilePatcher (count=1)
25)  38623784 (28.8%) *@Group      676040          kAnimationFrameTimeHistogramClassPath (count=1)
26)  38623788 (28.8%) *@Group      4               blink::CSSValueKeywordsHash::findValueImpl (count=1)
27)  41909884 (31.2%) *@Group      3286096         ** .rodata (unattributed) (count=1)
28)  41909940 (31.2%) *@Group      56              ChromeMainDelegate [vtable] (count=1)
29)  42699868 (31.8%) *@Group      789928          chrome::mojom (count=2)
30)  42699900 (31.8%) *@Group      32              .Lswitch.table.45 (count=1)
31)  42699908 (31.8%) *@Group      8               kSystemClassPrefixes (count=1)
32)  42699964 (31.8%) *@Group      56              ChromeMainDelegateAndroid [vtable] (count=1)
33)  42699988 (31.8%) *@Group      24              mojo (count=1)
34)  42700000 (31.8%) *@Group      12              kMethodsAnimationFrameTimeHistogram (count=1)
35)  43765132 (32.6%) *@Group      1065132         ** .data.rel.ro (unattributed) (count=1)
36)  43765140 (32.6%) *@Group      8               google::protobuf::internal (count=2)
37)  43765300 (32.6%) *@Group      160             base::android (count=3)
38)  43866900 (32.7%) *@Group      101600          ** .data (unattributed) (count=1)
39)  43866900 (32.7%) *@Group      0               ** ELF Section: .part.end (count=1)
40)  43866900 (32.7%) *@Group      0               g_chrome_content_browser_client (count=1)
41)  43866900 (32.7%) *@Group      0               SaveHistogram (count=1)
42)  43866900 (32.7%) *@Group      0               g_AnimationFrameTimeHistogram_clazz (count=1)
43)  43866900 (32.7%) *@Group      0               ff_cos_131072 (count=1)
44)  43866900 (32.7%) *@Group      0               ff_cos_131072_fixed (count=1)
45)  43866900 (32.7%) *@Group      0               ff_cos_65536 (count=1)
46)  43866960 (32.7%) *@Group      60              ** ELF Section: .ARM.attributes (count=1)
47)  45403416 (33.8%) *@Group      1536456         ** ELF Section: .ARM.exidx (count=1)
48)  45587048 (34.0%) *@Group      183632          ** ELF Section: .ARM.extab (count=1)
49)  45587352 (34.0%) *@Group      304             ** ELF Section: .dynamic (count=1)
50)  45591377 (34.0%) *@Group      4025            ** ELF Section: .dynstr (count=1)
51)  45597873 (34.0%) *@Group      6496            ** ELF Section: .dynsym (count=1)
52)  45597881 (34.0%) *@Group      8               ** ELF Section: .fini_array (count=1)
53)  45598693 (34.0%) *@Group      812             ** ELF Section: .gnu.version (count=1)
54)  45598721 (34.0%) *@Group      28              ** ELF Section: .gnu.version_d (count=1)
55)  45598817 (34.0%) *@Group      96              ** ELF Section: .gnu.version_r (count=1)
56)  45641773 (34.0%) *@Group      42956           ** ELF Section: .got (count=1)
57)  45644457 (34.0%) *@Group      2684            ** ELF Section: .hash (count=1)
58)  45644465 (34.0%) *@Group      8               ** ELF Section: .init_array (count=1)
59)  45644484 (34.0%) *@Group      19              ** ELF Section: .interp (count=1)
60)  45644520 (34.0%) *@Group      36              ** ELF Section: .note.gnu.build-id (count=1)
61)  45648764 (34.0%) *@Group      4244            ** ELF Section: .plt (count=1)
62)  48304148 (36.0%) *@Group      2655384         ** ELF Section: .rel.dyn (count=1)
63)  48306964 (36.0%) *@Group      2816            ** ELF Section: .rel.plt (count=1)
64)  48307400 (36.0%) *@Group      436             ** ELF Section: .shstrtab (count=1)
65)  134218029 (100.0%) *@Group      85910629        Overhead: ELF file (count=1)
GroupedByName(depth=1, min_count=2)
Showing 63 symbols (61 unique) with total pss: 134218029 bytes
Histogram of symbols based on PSS:
      [2,4): 3      [32,64): 8     [512,1024): 1      [32768,65536): 1      [1048576,2097152): 3
      [4,8): 4     [64,128): 2    [2048,4096): 4     [65536,131072): 2      [2097152,4194304): 2
     [8,16): 7    [128,256): 3    [4096,8192): 2    [131072,262144): 1    [33554432,67108864): 1
    [16,32): 12   [256,512): 3   [8192,16384): 1   [524288,1048576): 2   [67108864,134217728): 1
Sizes: .text=34.3mb     .rodata=5.65mb     .data.rel.ro=1.02mb     .data=99.4kb     .bss=255 bytes  .other=86.2mb     total=128.0mb
Counts: .text=23 .rodata=12 .data.rel.ro=4 .data=6 .bss=6 .other=20
Number of unique paths: 10

Section Legend: t=.text, r=.rodata, R=.data.rel.ro, d=.data, b=.bss, o=.other
Index | Running Total | Section@Address | PSS | Path
------------------------------------------------------------
0)         16 (0.0%)  t@0x28d900   16             base/page_allocator.cc
             _GLOBAL__sub_I_page_allocator.cc
1)         72 (0.0%)  *@Group      56             {no path}
             _GLOBAL__sub_I_bbr_sender.cc (count=2)
2)        100 (0.0%)  t@0x28d948   28             base/page_allocator.cc
             _GLOBAL__sub_I_pacing_sender.cc
3)        170 (0.0%)  *@Group      70             base/page_allocator.cc
             extFromUUseMapping (count=2)
4)       9928 (0.0%)  t@Group      9758           {no path}
             ** symbol gaps (count=2)
5)      10376 (0.0%)  t@0x28f000   448            $root_gen_dir/third_party/icu/ucnv_ext.c
             ucnv_extMatchFromU
6)      10404 (0.0%)  t@0x28f1c8   28             $root_gen_dir/third_party/icu/ucnv_ext.c
             _GLOBAL__sub_I_SkDeviceProfile.cpp
7)      79528 (0.1%)  t@0x28f1e0   69124          $root_gen_dir/third_party/icu/ucnv_ext.c
             foo_bar
8)      79552 (0.1%)  t@0x2a0000   24 (size=48)   $root_gen_dir/third_party/icu/ucnv_ext.c
             BazAlias (num_aliases=2)
9)      79708 (0.1%)  *@Group      156            {no path}
             blink (count=6)
10)     79711 (0.1%)  t@0x2a0010   3 (size=12)    third_party/fft_float.cc
             BarAlias (num_aliases=4)
11)     79714 (0.1%)  t@0x2a0010   3 (size=12)    third_party/fft_float.cc
             FooAlias (num_aliases=4)
12)     83748 (0.1%)  t@0x2a2000   4034           third_party/container/container.c
             ** outlined function
13)     83772 (0.1%)  t@0x2a2020   24 (size=48)   {no path}
             aliasedWithOutlinedFunction (num_aliases=2)
14)     83796 (0.1%)  t@0x2a2020   24 (size=48)   {no path}
             ** outlined function * 2 (num_aliases=2)
15)  35982252 (26.8%) t@0x2a2050   35898456       {no path}
             ** .text (unattributed)
16)  35982257 (26.8%) *@Group      5              {no path}
             "Str1" (count=2)
17)  35982273 (26.8%) r@0x266e605  16             $root_gen_dir/third_party/icu/ucnv_ext.c
             "String literal2"
18)  35982316 (26.8%) r@0x266e630  43             {no path}
             ** merge strings
19)  37947661 (28.3%) r@0x284d600  1965345        {no path}
             ** merge constants
20)  37947664 (28.3%) r@0x284e364  3              {no path}
             ** symbol gap 0
21)  37947672 (28.3%) r@0x284e364  8              base/page_allocator.cc
22)  37947716 (28.3%) r@0x284e370  44             base/page_allocator.cc
             Name
23)  38737676 (28.9%) *@Group      789960         {no path}
             chrome (count=3)
24)  39413716 (29.4%) r@0x28f3450  676040         third_party/paint.cc
             kAnimationFrameTimeHistogramClassPath
25)  42699812 (31.8%) r@0x28f3484  3286096        {no path}
             ** .rodata (unattributed)
26)  42699868 (31.8%) R@0x2c176f0  56             $root_gen_dir/third_party/icu/ucnv_ext.c
             ChromeMainDelegate [vtable]
27)  42699900 (31.8%) R@0x2cd84e0  32             third_party/gvr-android-sdk/libgvr_shim_static_arm.a/libcontroller_api_impl.a_controller_api_impl.o
             .Lswitch.table.45
28)  42699908 (31.8%) R@0x2cd84f0  8              third_party/gvr-android-sdk/libgvr_shim_static_arm.a/libport_android_jni.a_jni_utils.o
             kSystemClassPrefixes
29)  42699964 (31.8%) R@0x2cd8500  56             third_party/paint.cc
             ChromeMainDelegateAndroid [vtable]
30)  42699988 (31.8%) R@0x2cd8538  24             base/page_allocator.cc
             mojo::MessageReceiver [vtable]
31)  42700000 (31.8%) R@0x2cd8550  12             base/page_allocator.cc
             kMethodsAnimationFrameTimeHistogram
32)  43765132 (32.6%) R@0x2cd855c  1065132        {no path}
             ** .data.rel.ro (unattributed)
33)  43765140 (32.6%) *@Group      8              {no path}
             google (count=2)
34)  43765300 (32.6%) *@Group      160            third_party/container/container.c
             base (count=3)
35)  43866900 (32.7%) d@0x2de70a8  101600         {no path}
             ** .data (unattributed)
36)  43866900 (32.7%) b@0x0        16             {no path}
             ** ELF Section: .part.end
37)  43866900 (32.7%) b@0x2dffda0  28             $root_gen_dir/third_party/icu/ucnv_ext.c
             g_chrome_content_browser_client
38)  43866900 (32.7%) b@0x2dffe80  200            $root_gen_dir/third_party/icu/ucnv_ext.c
             SaveHistogram::atomic_histogram_pointer
39)  43866900 (32.7%) b@0x2dffe84  4              $root_gen_dir/third_party/icu/ucnv_ext.c
             g_AnimationFrameTimeHistogram_clazz
40)  43866900 (32.7%) b@0x2dffe88  4              third_party/fft_float.cc
             ff_cos_131072
41)  43866900 (32.7%) b@0x2dffe8c  4              third_party/fft_fixed.cc
             ff_cos_131072_fixed
42)  43866900 (32.7%) b@0x2dffe9b  15             third_party/fft_float.cc
             ff_cos_65536
43)  43866960 (32.7%) o@0x0        60             {no path}
             ** ELF Section: .ARM.attributes
44)  45403416 (33.8%) o@0x0        1536456        {no path}
             ** ELF Section: .ARM.exidx
45)  45587048 (34.0%) o@0x0        183632         {no path}
             ** ELF Section: .ARM.extab
46)  45587352 (34.0%) o@0x0        304            {no path}
             ** ELF Section: .dynamic
47)  45591377 (34.0%) o@0x0        4025           {no path}
             ** ELF Section: .dynstr
48)  45597873 (34.0%) o@0x0        6496           {no path}
             ** ELF Section: .dynsym
49)  45597881 (34.0%) o@0x0        8              {no path}
             ** ELF Section: .fini_array
50)  45598693 (34.0%) o@0x0        812            {no path}
             ** ELF Section: .gnu.version
51)  45598721 (34.0%) o@0x0        28             {no path}
             ** ELF Section: .gnu.version_d
52)  45598817 (34.0%) o@0x0        96             {no path}
             ** ELF Section: .gnu.version_r
53)  45641773 (34.0%) o@0x0        42956          {no path}
             ** ELF Section: .got
54)  45644457 (34.0%) o@0x0        2684           {no path}
             ** ELF Section: .hash
55)  45644465 (34.0%) o@0x0        8              {no path}
             ** ELF Section: .init_array
56)  45644484 (34.0%) o@0x0        19             {no path}
             ** ELF Section: .interp
57)  45644520 (34.0%) o@0x0        36             {no path}
             ** ELF Section: .note.gnu.build-id
58)  45648764 (34.0%) o@0x0        4244           {no path}
             ** ELF Section: .plt
59)  48304148 (36.0%) o@0x0        2655384        {no path}
             ** ELF Section: .rel.dyn
60)  48306964 (36.0%) o@0x0        2816           {no path}
             ** ELF Section: .rel.plt
61)  48307400 (36.0%) o@0x0        436            {no path}
             ** ELF Section: .shstrtab
62)  134218029 (100.0%) o@0x0        85910629       {no path}
             Overhead: ELF file
