EMAIL_ADDRESS | valid-pre-garbage |  |  | valid-pre-garbage_1
UNKNOWN_TYPE |  |  |  | valid-pre-garbage_1
UNKNOWN_TYPE |  |  |  | valid-pre-garbage_1
UNKNOWN_TYPE |  |  |  | valid-pre-garbage_1
UNKNOWN_TYPE |  |  |  | valid-pre-garbage_1
UNKNOWN_TYPE |  |  |  | valid-pre-garbage_1
UNKNOWN_TYPE |  |  |  | valid-pre-garbage_1
UNKNOWN_TYPE |  |  |  | valid-pre-garbage_1
UNKNOWN_TYPE |  |  |  | valid-pre-garbage_1
UNKNOWN_TYPE |  |  |  | valid-pre-garbage_1
UNKNOWN_TYPE |  |  |  | valid-pre-garbage_1
UNKNOWN_TYPE |  |  |  | valid-pre-garbage_1
UNKNOWN_TYPE |  |  |  | valid-pre-garbage_1
UNKNOWN_TYPE |  |  |  | valid-pre-garbage_1
UNKNOWN_TYPE |  |  |  | valid-pre-garbage_1
UNKNOWN_TYPE |  |  |  | valid-pre-garbage_1
UNKNOWN_TYPE |  |  |  | valid-pre-garbage_1
UNKNOWN_TYPE |  |  |  | valid-pre-garbage_1
UNKNOWN_TYPE |  |  |  | valid-pre-garbage_1
UNKNOWN_TYPE |  |  |  | valid-pre-garbage_1
UNKNOWN_TYPE |  |  |  | valid-pre-garbage_1
UNKNOWN_TYPE |  |  |  | valid-pre-garbage_1
EMAIL_ADDRESS | valid-pre-order |  |  | valid-pre-order_2
UNKNOWN_TYPE |  |  |  | valid-pre-order_2
UNKNOWN_TYPE |  |  |  | valid-pre-order_2
UNKNOWN_TYPE |  |  |  | valid-pre-order_2
UNKNOWN_TYPE |  |  |  | valid-pre-order_2
UNKNOWN_TYPE |  |  |  | valid-pre-order_2
UNKNOWN_TYPE |  |  |  | valid-pre-order_2
UNKNOWN_TYPE |  |  |  | valid-pre-order_2
UNKNOWN_TYPE |  |  |  | valid-pre-order_2
UNKNOWN_TYPE |  |  |  | valid-pre-order_2
UNKNOWN_TYPE |  |  |  | valid-pre-order_2
UNKNOWN_TYPE |  |  |  | valid-pre-order_2
UNKNOWN_TYPE |  |  |  | valid-pre-order_2
UNKNOWN_TYPE |  |  |  | valid-pre-order_2
UNKNOWN_TYPE |  |  |  | valid-pre-order_2
UNKNOWN_TYPE |  |  |  | valid-pre-order_2
UNKNOWN_TYPE |  |  |  | valid-pre-order_2
UNKNOWN_TYPE |  |  |  | valid-pre-order_2
UNKNOWN_TYPE |  |  |  | valid-pre-order_2
UNKNOWN_TYPE |  |  |  | valid-pre-order_2
UNKNOWN_TYPE |  |  |  | valid-pre-order_2
UNKNOWN_TYPE |  |  |  | valid-pre-order_2
UNKNOWN_TYPE |  |  |  | valid-pre-order_2
UNKNOWN_TYPE |  |  |  | valid-pre-order_2
UNKNOWN_TYPE |  |  |  | valid-pre-order_2
UNKNOWN_TYPE |  |  |  | valid-pre-order_2
UNKNOWN_TYPE |  |  |  | valid-pre-order_2
UNKNOWN_TYPE |  |  |  | valid-pre-order_2
UNKNOWN_TYPE |  |  |  | valid-pre-order_2
UNKNOWN_TYPE |  |  |  | valid-pre-order_2
UNKNOWN_TYPE |  |  |  | valid-pre-order_2
UNKNOWN_TYPE |  |  |  | valid-pre-order_2
UNKNOWN_TYPE |  |  |  | valid-pre-order_2
UNKNOWN_TYPE |  |  |  | valid-pre-order_2
UNKNOWN_TYPE |  |  |  | valid-pre-order_2
UNKNOWN_TYPE |  |  |  | valid-pre-order_2
UNKNOWN_TYPE |  |  |  | valid-pre-order_2
UNKNOWN_TYPE |  |  |  | valid-pre-order_2
UNKNOWN_TYPE |  |  |  | valid-pre-order_2
UNKNOWN_TYPE |  |  |  | valid-pre-order_2
UNKNOWN_TYPE |  |  |  | valid-pre-order_2
UNKNOWN_TYPE |  |  |  | valid-pre-order_2
EMAIL_ADDRESS | valid-pre-repetition |  |  | valid-pre-repetition_3
UNKNOWN_TYPE |  |  |  | valid-pre-repetition_3
UNKNOWN_TYPE |  |  |  | valid-pre-repetition_3
UNKNOWN_TYPE |  |  |  | valid-pre-repetition_3
UNKNOWN_TYPE |  |  |  | valid-pre-repetition_3
UNKNOWN_TYPE |  |  |  | valid-pre-repetition_3
EMAIL_ADDRESS | valid-pre-combinations |  |  | valid-pre-combinations_4
UNKNOWN_TYPE |  |  |  | valid-pre-combinations_4
UNKNOWN_TYPE |  |  |  | valid-pre-combinations_4
UNKNOWN_TYPE |  |  |  | valid-pre-combinations_4
UNKNOWN_TYPE |  |  |  | valid-pre-combinations_4
