NAME_FULL | name |  |  | name_1
EMAIL_ADDRESS | email |  |  | name_1
ADDRESS_HOME_CITY | city |  |  | name_1
UNKNOWN_TYPE | malicious |  |  | name_1
